[www.hostinger.com/special/000webhost.html]
[backblue.gif]
[fade.gif]
[index.html]
[cdnjs.cloudflare.com/polyfill/v3/polyfill.min66a2.js]
[www.hostinger.com/gtag.v2.js]
[challenges.cloudflare.com/turnstile/v0/b/22755d9a86c9/api.js]
[www.hostinger.com/_nuxt/entry.Bb9u_-hj.css]
[www.hostinger.com/_nuxt/default.DXdP9WuC.css]
[www.hostinger.com/_nuxt/footerSections.pVQsEVzw.css]
[www.hostinger.com/_nuxt/HLogo.CT6z2mK8.css]
[www.hostinger.com/_nuxt/HFooter.D323IFCQ.css]
[www.hostinger.com/_nuxt/HSimpleBadge.BYXSV283.css]
[www.hostinger.com/_nuxt/HMedia.DioQ4Qse.css]
[www.hostinger.com/_nuxt/HTooltip.lDDuyq4H.css]
[www.hostinger.com/_nuxt/HAccordion.1QP8rv_q.css]
[www.hostinger.com/_nuxt/HLocaleMenu.DvweTy6y.css]
[www.hostinger.com/_nuxt/HInputField.DtxkJ7OY.css]
[www.hostinger.com/_nuxt/useFormField.BVBNu_VT.css]
[www.hostinger.com/_nuxt/webhost.D4U_UsiP.css]
[www.hostinger.com/_nuxt/freeTlds.DlcKmfWM.css]
[www.hostinger.com/_nuxt/HPrice.ThZ9aRvP.css]
[www.hostinger.com/_nuxt/HCountdown.Du0or-pb.css]
[www.hostinger.com/_nuxt/HFeaturesHeader.CVaFCYYK.css]
[www.hostinger.com/_nuxt/HHeaderTwoColumns.B0mkLc6M.css]
[www.hostinger.com/_nuxt/HPricingTable.BaAJNUtd.css]
[www.hostinger.com/_nuxt/HRecommendedWpBadge.Cl89GHn4.css]
[www.hostinger.com/_nuxt/HPricingCardFeature.DFLhnh52.css]
[www.hostinger.com/_nuxt/HDiscountTag.Cu78NHJG.css]
[www.hostinger.com/_nuxt/HProductBadge.cfWdrCUT.css]
[www.hostinger.com/_nuxt/HCarousel.XeM7_w4Q.css]
[www.hostinger.com/_nuxt/HPartnerReviewsQuote.Bg_r6caV.css]
[www.hostinger.com/_nuxt/HCardGridSection.CTvNogar.css]
[www.hostinger.com/_nuxt/HImageSectionTwoCols.eqZi_9sc.css]
[www.hostinger.com/_nuxt/HSectionTwoColumns.Ph1_63U1.css]
[www.hostinger.com/_nuxt/HTextButtonSection.DD7ed9hz.css]
[www.hostinger.com/special/000webhost/_payload5bcb.json]
[www.hostinger.com/_nuxt/ALw-RLsE.js]
[www.hostinger.com/_nuxt/nhyV104j.js]
[www.hostinger.com/_nuxt/Cll8US0M.js]
[www.hostinger.com/_nuxt/BnjuI8ur.js]
[www.hostinger.com/_nuxt/rNJKKwvu.js]
[www.hostinger.com/_nuxt/BDSxvQbq.js]
[www.hostinger.com/_nuxt/NcSFFeMt.js]
[www.hostinger.com/_nuxt/FCVjAsUh.js]
[www.hostinger.com/_nuxt/D0vVib5i.js]
[www.hostinger.com/_nuxt/Dn3N9ZOU.js]
[www.hostinger.com/_nuxt/Dfw407-B.js]
[www.hostinger.com/_nuxt/DDBwf9XX.js]
[www.hostinger.com/_nuxt/5Qe4jteJ.js]
[www.hostinger.com/_nuxt/DhaboSI-.js]
[www.hostinger.com/_nuxt/BYknLmYu.js]
[www.hostinger.com/_nuxt/BKgzYhVN.js]
[www.hostinger.com/_nuxt/DrGMtaED.js]
[www.hostinger.com/_nuxt/CwfNZxxz.js]
[www.hostinger.com/_nuxt/X4zABPR5.js]
[www.hostinger.com/_nuxt/Dp-Up101.js]
[www.hostinger.com/_nuxt/C1SF_Np9.js]
[www.hostinger.com/_nuxt/BO26EWVX.js]
[www.hostinger.com/_nuxt/CW9oB5n5.js]
[www.hostinger.com/_nuxt/X8XimSB8.js]
[www.hostinger.com/_nuxt/CAFJ_9XI.js]
[www.hostinger.com/_nuxt/Ed3E96tq.js]
[www.hostinger.com/_nuxt/6h1q8bbk.js]
[www.hostinger.com/_nuxt/BzLLDbag.js]
[www.hostinger.com/_nuxt/tYRfHpKP.js]
[www.hostinger.com/_nuxt/CEhGwKqr.js]
[www.hostinger.com/_nuxt/B9Zv5wSd.js]
[www.hostinger.com/_nuxt/CvScmsUC.js]
[www.hostinger.com/_nuxt/D3nSJrxo.js]
[www.hostinger.com/_nuxt/GeDlkq1k.js]
[www.hostinger.com/_nuxt/5FIheama.js]
[www.hostinger.com/_nuxt/Cinh69-S.js]
[www.hostinger.com/_nuxt/dpRb-OrH.js]
[www.hostinger.com/html-rewriter.v5.js]
[www.hostinger.com/_nuxt/black.CkPMsEmz.css]
[www.hostinger.com/_nuxt/c5i06ETE.js]
[www.hostinger.com/_nuxt/B4AiNY11.js]
[www.hostinger.com/_nuxt/minimal.BEiQ0nZu.css]
[www.hostinger.com/_nuxt/BZxG2c_W.js]
[www.hostinger.com/_nuxt/minimalistic.DByfYDgE.css]
[www.hostinger.com/_nuxt/DJJPVtUa.js]
[www.hostinger.com/special/000webhost.html]
[www.hostinger.com/_nuxt/DY2S0fz4.js]
[www.hostinger.com/_nuxt/DM_Sans-400-1.C24VDuKN.woff2]
[www.hostinger.com/_nuxt/DM_Sans-400-2.B1c0Y_ic.woff2]
[www.hostinger.com/_nuxt/entry.Bb9u_-hj.css]
[www.hostinger.com/_nuxt/default.DXdP9WuC.css]
[www.hostinger.com/_nuxt/footerSections.pVQsEVzw.css]
[www.hostinger.com/_nuxt/HImage.DMFSAyKt.css]
[www.hostinger.com/_nuxt/HLogo.CT6z2mK8.css]
[www.hostinger.com/_nuxt/HFooter.D323IFCQ.css]
[www.hostinger.com/_nuxt/HSimpleBadge.BYXSV283.css]
[www.hostinger.com/_nuxt/HMedia.DioQ4Qse.css]
[www.hostinger.com/_nuxt/HTooltip.lDDuyq4H.css]
[www.hostinger.com/_nuxt/HAccordion.1QP8rv_q.css]
[www.hostinger.com/_nuxt/HLocaleMenu.DvweTy6y.css]
[www.hostinger.com/_nuxt/HInputField.DtxkJ7OY.css]
[www.hostinger.com/_nuxt/useFormField.BVBNu_VT.css]
[www.hostinger.com/_nuxt/webhost.D4U_UsiP.css]
[www.hostinger.com/_nuxt/freeTlds.DlcKmfWM.css]
[www.hostinger.com/_nuxt/HPrice.ThZ9aRvP.css]
[www.hostinger.com/_nuxt/HCountdown.Du0or-pb.css]
[www.hostinger.com/_nuxt/HFeaturesHeader.CVaFCYYK.css]
[www.hostinger.com/_nuxt/HHeaderTwoColumns.B0mkLc6M.css]
[www.hostinger.com/_nuxt/HPricingTable.BaAJNUtd.css]
[www.hostinger.com/_nuxt/HRecommendedWpBadge.Cl89GHn4.css]
[www.hostinger.com/_nuxt/HPricingCardFeature.DFLhnh52.css]
[www.hostinger.com/_nuxt/HDiscountTag.Cu78NHJG.css]
[www.hostinger.com/_nuxt/HProductBadge.cfWdrCUT.css]
[www.hostinger.com/_nuxt/HCarousel.XeM7_w4Q.css]
[www.hostinger.com/_nuxt/HPartnerReviewsQuote.Bg_r6caV.css]
[www.hostinger.com/_nuxt/HCardGridSection.CTvNogar.css]
[www.hostinger.com/_nuxt/HImageSectionTwoCols.eqZi_9sc.css]
[www.hostinger.com/_nuxt/HSectionTwoColumns.Ph1_63U1.css]
[www.hostinger.com/_nuxt/HTextButtonSection.DD7ed9hz.css]
[www.hostinger.com/_nuxt/black.CkPMsEmz.css]
[www.hostinger.com/_nuxt/minimal.BEiQ0nZu.css]
[www.hostinger.com/_nuxt/minimalistic.DByfYDgE.css]
